\BOOKMARK [0][-]{chapter.1}{\376\377\000S\000e\000c\000u\000r\000i\000t\000y\000\040\000F\000i\000x\000e\000s}{}% 1
\BOOKMARK [1][-]{section.1.1}{\376\377\000S\000E\000C\000-\0000\0000\0001\000:\000\040\000C\000o\000m\000m\000a\000n\000d\000\040\000I\000n\000j\000e\000c\000t\000i\000o\000n\000\040\000v\000i\000a\000\040\000t\000h\000e\000\040\000c\000l\000i\000\040\000T\000o\000o\000l}{chapter.1}% 2
\BOOKMARK [1][-]{section.1.2}{\376\377\000S\000E\000C\000-\0000\0000\0002\000:\000\040\000A\000P\000I\000\040\000K\000e\000y\000\040\000E\000x\000p\000o\000s\000u\000r\000e\000\040\000i\000n\000\040\000M\000e\000m\000o\000r\000y\000\040\000\050\000G\000i\000t\000-\000B\000a\000c\000k\000e\000d\000\040\000P\000e\000r\000s\000i\000s\000t\000e\000n\000c\000e\000\051}{chapter.1}% 3
\BOOKMARK [1][-]{section.1.3}{\376\377\000S\000E\000C\000-\0000\0000\0003\000:\000\040\000A\000P\000I\000\040\000K\000e\000y\000\040\000L\000e\000a\000k\000a\000g\000e\000\040\000v\000i\000a\000\040\000.\000e\000n\000v\000\040\000L\000o\000a\000d\000i\000n\000g\000\040\000i\000n\000t\000o\000\040\000p\000r\000o\000c\000e\000s\000s\000.\000e\000n\000v}{chapter.1}% 4
\BOOKMARK [1][-]{section.1.4}{\376\377\000S\000E\000C\000-\0000\0000\0004\000:\000\040\000T\000e\000m\000p\000l\000a\000t\000e\000\040\000I\000n\000j\000e\000c\000t\000i\000o\000n\000\040\000i\000n\000\040\000S\000h\000e\000l\000l\000\040\000C\000o\000m\000m\000a\000n\000d\000s\000\040\000\050\000G\000i\000t\000\040\000R\000e\000m\000o\000t\000e\000\040\000U\000R\000L\000\040\000w\000i\000t\000h\000\040\000T\000o\000k\000e\000n\000\051}{chapter.1}% 5
\BOOKMARK [1][-]{section.1.5}{\376\377\000S\000E\000C\000-\0000\0000\0005\000:\000\040\000A\000r\000b\000i\000t\000r\000a\000r\000y\000\040\000F\000i\000l\000e\000\040\000R\000e\000a\000d\000\040\000v\000i\000a\000\040\000P\000a\000t\000h\000\040\000T\000r\000a\000v\000e\000r\000s\000a\000l}{chapter.1}% 6
\BOOKMARK [1][-]{section.1.6}{\376\377\000S\000E\000C\000-\0000\0000\0006\000:\000\040\000S\000y\000m\000l\000i\000n\000k\000\040\000A\000t\000t\000a\000c\000k\000\040\000o\000n\000\040\000F\000i\000l\000e\000\040\000W\000r\000i\000t\000e}{chapter.1}% 7
\BOOKMARK [1][-]{section.1.7}{\376\377\000S\000E\000C\000-\0000\0000\0007\000:\000\040\000S\000S\000R\000F\000\040\000v\000i\000a\000\040\000c\000u\000r\000l\000/\000w\000g\000e\000t\000\040\000i\000n\000\040\000C\000L\000I\000\040\000T\000o\000o\000l}{chapter.1}% 8
\BOOKMARK [1][-]{section.1.8}{\376\377\000S\000E\000C\000-\0000\0000\0008\000\040\000/\000\040\000S\000E\000C\000-\0000\0000\0009\000:\000\040\000N\000o\000\040\000A\000u\000t\000h\000e\000n\000t\000i\000c\000a\000t\000i\000o\000n\000\040\000o\000n\000\040\000W\000e\000b\000S\000o\000c\000k\000e\000t\000\040\000\046\000\040\000H\000T\000T\000P\000\040\000S\000e\000r\000v\000e\000r}{chapter.1}% 9
\BOOKMARK [1][-]{section.1.9}{\376\377\000S\000E\000C\000-\0000\0001\0000\000:\000\040\000N\000o\000\040\000R\000a\000t\000e\000\040\000L\000i\000m\000i\000t\000i\000n\000g\000\040\000o\000n\000\040\000T\000o\000o\000l\000\040\000E\000x\000e\000c\000u\000t\000i\000o\000n}{chapter.1}% 10
\BOOKMARK [1][-]{section.1.10}{\376\377\000S\000E\000C\000-\0000\0001\0001\000:\000\040\000E\000n\000v\000i\000r\000o\000n\000m\000e\000n\000t\000\040\000V\000a\000r\000i\000a\000b\000l\000e\000\040\000L\000e\000a\000k\000\040\000i\000n\000\040\000T\000o\000o\000l\000\040\000O\000u\000t\000p\000u\000t}{chapter.1}% 11
\BOOKMARK [1][-]{section.1.11}{\376\377\000S\000E\000C\000-\0000\0001\0002\000:\000\040\000I\000n\000s\000e\000c\000u\000r\000e\000\040\000R\000a\000n\000d\000o\000m\000n\000e\000s\000s\000\040\000i\000n\000\040\000S\000e\000s\000s\000i\000o\000n\000\040\000I\000D\000s}{chapter.1}% 12
\BOOKMARK [1][-]{section.1.12}{\376\377\000S\000E\000C\000-\0000\0001\0003\000:\000\040\000I\000n\000s\000e\000c\000u\000r\000e\000\040\000D\000e\000s\000e\000r\000i\000a\000l\000i\000z\000a\000t\000i\000o\000n\000\040\000v\000i\000a\000\040\000Y\000A\000M\000L\000\040\000P\000l\000u\000g\000i\000n\000\040\000L\000o\000a\000d\000i\000n\000g}{chapter.1}% 13
\BOOKMARK [1][-]{section.1.13}{\376\377\000S\000E\000C\000-\0000\0001\0004\000:\000\040\000S\000e\000c\000r\000e\000t\000s\000\040\000i\000n\000\040\000G\000i\000t\000\040\000H\000i\000s\000t\000o\000r\000y\000\040\000v\000i\000a\000\040\000M\000e\000m\000o\000r\000y\000\040\000T\000o\000o\000l}{chapter.1}% 14
\BOOKMARK [1][-]{section.1.14}{\376\377\000S\000E\000C\000-\0000\0001\0005\000:\000\040\000M\000i\000s\000s\000i\000n\000g\000\040\000I\000n\000t\000e\000g\000r\000i\000t\000y\000\040\000C\000h\000e\000c\000k\000\040\000o\000n\000\040\000P\000l\000u\000g\000i\000n\000\040\000D\000o\000w\000n\000l\000o\000a\000d\000s}{chapter.1}% 15
\BOOKMARK [1][-]{section.1.15}{\376\377\000S\000E\000C\000-\0000\0002\0003\000:\000\040\000A\000I\000\040\000P\000r\000o\000m\000p\000t\000\040\000I\000n\000j\000e\000c\000t\000i\000o\000n\000\040\000S\000u\000r\000f\000a\000c\000e\000\040\000v\000i\000a\000\040\000U\000s\000e\000r\000-\000C\000o\000n\000t\000r\000o\000l\000l\000e\000d\000\040\000F\000i\000l\000e\000s}{chapter.1}% 16
\BOOKMARK [0][-]{chapter.2}{\376\377\000B\000u\000g\000\040\000F\000i\000x\000e\000s}{}% 17
\BOOKMARK [1][-]{section.2.1}{\376\377\000B\000U\000G\000-\0000\0000\0001\000:\000\040\000G\000i\000t\000\040\000C\000o\000m\000m\000i\000t\000\040\000F\000a\000i\000l\000u\000r\000e\000\040\000C\000a\000u\000s\000e\000s\000\040\000S\000i\000l\000e\000n\000t\000\040\000D\000a\000t\000a\000\040\000L\000o\000s\000s}{chapter.2}% 18
\BOOKMARK [1][-]{section.2.2}{\376\377\000B\000U\000G\000-\0000\0000\0002\000:\000\040\000S\000I\000G\000I\000N\000T\000\040\000R\000a\000c\000e\000\040\000C\000o\000n\000d\000i\000t\000i\000o\000n\000\040\000D\000u\000r\000i\000n\000g\000\040\000S\000t\000r\000e\000a\000m\000i\000n\000g}{chapter.2}% 19
\BOOKMARK [1][-]{section.2.3}{\376\377\000B\000U\000G\000-\0000\0000\0003\000:\000\040\000C\000h\000a\000n\000n\000e\000l\000\040\000P\000u\000s\000h\000\040\000A\000f\000t\000e\000r\000\040\000F\000i\000n\000i\000s\000h}{chapter.2}% 20
\BOOKMARK [1][-]{section.2.4}{\376\377\000B\000U\000G\000-\0000\0000\0004\000:\000\040\000H\000o\000o\000k\000\040\000B\000l\000o\000c\000k\000\040\000S\000i\000l\000e\000n\000t\000\040\000F\000a\000i\000l\000u\000r\000e}{chapter.2}% 21
\BOOKMARK [1][-]{section.2.5}{\376\377\000B\000U\000G\000-\0000\0000\0005\000:\000\040\000J\000S\000O\000N\000.\000p\000a\000r\000s\000e\000\040\000o\000n\000\040\000E\000m\000p\000t\000y\000\040\000T\000a\000s\000k\000\040\000F\000i\000l\000e}{chapter.2}% 22
\BOOKMARK [1][-]{section.2.6}{\376\377\000B\000U\000G\000-\0000\0000\0006\000:\000\040\000C\000r\000o\000n\000\040\000S\000c\000h\000e\000d\000u\000l\000e\000s\000\040\000N\000o\000t\000\040\000V\000a\000l\000i\000d\000a\000t\000e\000d\000\040\000B\000e\000f\000o\000r\000e\000\040\000U\000s\000e}{chapter.2}% 23
\BOOKMARK [1][-]{section.2.7}{\376\377\000B\000U\000G\000-\0000\0000\0007\000:\000\040\000F\000i\000l\000e\000\040\000D\000e\000s\000c\000r\000i\000p\000t\000o\000r\000\040\000L\000e\000a\000k\000\040\000i\000n\000\040\000H\000o\000o\000k\000\040\000E\000x\000e\000c\000u\000t\000i\000o\000n}{chapter.2}% 24
\BOOKMARK [1][-]{section.2.8}{\376\377\000B\000U\000G\000-\0000\0000\0008\000:\000\040\000M\000e\000m\000o\000r\000y\000\040\000A\000r\000c\000h\000i\000v\000e\000\040\000A\000p\000p\000e\000n\000d\000\040\000W\000i\000t\000h\000o\000u\000t\000\040\000N\000e\000w\000l\000i\000n\000e\000\040\000C\000h\000e\000c\000k}{chapter.2}% 25
\BOOKMARK [1][-]{section.2.9}{\376\377\000B\000U\000G\000-\0000\0000\0009\000:\000\040\000R\000e\000g\000e\000x\000\040\000F\000l\000a\000g\000\040\000'\000g\000'\000\040\000D\000o\000u\000b\000l\000e\000-\000A\000d\000d\000i\000n\000g}{chapter.2}% 26
\BOOKMARK [1][-]{section.2.10}{\376\377\000B\000U\000G\000-\0000\0001\0000\000:\000\040\000c\000a\000p\000t\000u\000r\000e\000\137\000p\000h\000o\000t\000o\000\040\000T\000o\000o\000l\000\040\000H\000a\000s\000\040\000N\000o\000\040\000C\000l\000e\000a\000n\000u\000p\000\040\000f\000o\000r\000\040\000F\000a\000i\000l\000e\000d\000\040\000G\000i\000t\000\040\000O\000p\000e\000r\000a\000t\000i\000o\000n\000s}{chapter.2}% 27
\BOOKMARK [1][-]{section.2.11}{\376\377\000B\000U\000G\000-\0000\0001\0001\000:\000\040\000C\000o\000m\000p\000o\000s\000i\000o\000\040\000T\000o\000o\000l\000\040\000N\000a\000m\000e\000\040\000C\000o\000l\000l\000i\000s\000i\000o\000n\000s}{chapter.2}% 28
\BOOKMARK [1][-]{section.2.12}{\376\377\000B\000U\000G\000-\0000\0001\0002\000:\000\040\000A\000b\000o\000r\000t\000S\000i\000g\000n\000a\000l\000.\000t\000i\000m\000e\000o\000u\000t\000\040\000N\000o\000t\000\040\000A\000v\000a\000i\000l\000a\000b\000l\000e\000\040\000i\000n\000\040\000O\000l\000d\000e\000r\000\040\000N\000o\000d\000e\000.\000j\000s}{chapter.2}% 29
\BOOKMARK [1][-]{section.2.13}{\376\377\000B\000U\000G\000-\0000\0001\0003\000:\000\040\000S\000u\000m\000m\000a\000r\000i\000z\000a\000t\000i\000o\000n\000\040\000R\000e\000c\000u\000r\000s\000i\000o\000n}{chapter.2}% 30
\BOOKMARK [1][-]{section.2.14}{\376\377\000B\000U\000G\000-\0000\0001\0004\000:\000\040\000C\000r\000o\000n\000\040\000P\000a\000r\000s\000e\000r\000\040\000F\000a\000i\000l\000s\000\040\000o\000n\000\040\000N\000o\000n\000-\000S\000t\000a\000n\000d\000a\000r\000d\000\040\000E\000x\000p\000r\000e\000s\000s\000i\000o\000n\000s}{chapter.2}% 31
\BOOKMARK [1][-]{section.2.15}{\376\377\000B\000U\000G\000-\0000\0001\0005\000:\000\040\000S\000e\000s\000s\000i\000o\000n\000\040\000S\000t\000a\000t\000e\000\040\000W\000r\000i\000t\000t\000e\000n\000\040\000B\000e\000f\000o\000r\000e\000\040\000A\000g\000e\000n\000t\000\040\000Y\000a\000m\000l\000\040\000V\000e\000r\000i\000f\000i\000e\000d}{chapter.2}% 32
\BOOKMARK [1][-]{section.2.16}{\376\377\000B\000U\000G\000-\0000\0001\0006\000:\000\040\000P\000l\000u\000g\000i\000n\000\040\000M\000e\000m\000o\000r\000y\000\040\000L\000a\000y\000e\000r\000s\000\040\000W\000i\000t\000h\000o\000u\000t\000\040\000R\000o\000o\000t\000\040\000M\000e\000m\000o\000r\000y\000\040\000C\000o\000n\000f\000i\000g}{chapter.2}% 33
\BOOKMARK [1][-]{section.2.17}{\376\377\000B\000U\000G\000-\0000\0001\0007\000:\000\040\000G\000i\000t\000\040\000C\000l\000o\000n\000e\000\040\000S\000i\000l\000e\000n\000c\000e\000\040\000o\000n\000\040\000F\000a\000i\000l\000u\000r\000e}{chapter.2}% 34
\BOOKMARK [1][-]{section.2.18}{\376\377\000B\000U\000G\000-\0000\0001\0008\000:\000\040\000D\000e\000p\000e\000n\000d\000e\000n\000c\000y\000\040\000R\000e\000s\000o\000l\000u\000t\000i\000o\000n\000\040\000O\000r\000d\000e\000r\000\040\040\024\000\040\000S\000i\000l\000e\000n\000t\000\040\000O\000v\000e\000r\000w\000r\000i\000t\000e\000\040\000o\000f\000\040\000D\000u\000p\000l\000i\000c\000a\000t\000e\000\040\000D\000e\000p\000e\000n\000d\000e\000n\000c\000y\000\040\000N\000a\000m\000e\000s}{chapter.2}% 35
\BOOKMARK [1][-]{section.2.19}{\376\377\000B\000U\000G\000-\0000\0001\0009\000:\000\040\000M\000o\000d\000e\000l\000\040\000F\000a\000l\000l\000b\000a\000c\000k\000\040\000N\000o\000t\000\040\000I\000m\000p\000l\000e\000m\000e\000n\000t\000e\000d}{chapter.2}% 36
\BOOKMARK [1][-]{section.2.20}{\376\377\000B\000U\000G\000-\0000\0002\0000\000:\000\040\000E\000n\000v\000\040\000V\000a\000r\000\040\000C\000a\000s\000e\000\040\000S\000e\000n\000s\000i\000t\000i\000v\000i\000t\000y\000\040\000B\000r\000e\000a\000k\000s\000\040\000P\000r\000o\000v\000i\000d\000e\000r\000\040\000A\000P\000I\000\040\000K\000e\000y\000\040\000L\000o\000o\000k\000u\000p}{chapter.2}% 37
\BOOKMARK [1][-]{section.2.21}{\376\377\000B\000U\000G\000-\0000\0002\0001\000:\000\040\000P\000l\000u\000g\000i\000n\000\040\000D\000i\000s\000c\000o\000v\000e\000r\000y\000\040\000D\000i\000r\000e\000c\000t\000o\000r\000y\000\040\000R\000a\000c\000e\000\040\000o\000n\000\040\000C\000o\000n\000c\000u\000r\000r\000e\000n\000t\000\040\000I\000n\000s\000t\000a\000n\000c\000e\000s}{chapter.2}% 38
\BOOKMARK [1][-]{section.2.22}{\376\377\000B\000U\000G\000-\0000\0002\0002\000:\000\040\000S\000c\000h\000e\000d\000u\000l\000e\000\040\000Y\000A\000M\000L\000\040\000W\000r\000i\000t\000e\000\040\000U\000n\000e\000s\000c\000a\000p\000e\000s\000\040\000S\000p\000e\000c\000i\000a\000l\000\040\000C\000h\000a\000r\000a\000c\000t\000e\000r\000s\000\040\000i\000n\000\040\000S\000c\000h\000e\000d\000u\000l\000e\000\040\000D\000a\000t\000a}{chapter.2}% 39
\BOOKMARK [1][-]{section.2.23}{\376\377\000B\000U\000G\000-\0000\0002\0003\000:\000\040\000A\000u\000d\000i\000t\000\040\000L\000o\000g\000\040\000F\000i\000l\000e\000\040\000G\000r\000o\000w\000s\000\040\000I\000n\000d\000e\000f\000i\000n\000i\000t\000e\000l\000y\000\040\000W\000i\000t\000h\000o\000u\000t\000\040\000R\000o\000t\000a\000t\000i\000o\000n}{chapter.2}% 40
\BOOKMARK [1][-]{section.2.24}{\376\377\000B\000U\000G\000-\0000\0002\0004\000:\000\040\000F\000i\000l\000e\000\040\000W\000a\000t\000c\000h\000e\000r\000\040\000N\000o\000t\000\040\000C\000l\000e\000a\000n\000i\000n\000g\000\040\000U\000p\000\040\000O\000l\000d\000/\000D\000e\000l\000e\000t\000e\000d\000\040\000F\000i\000l\000e\000\040\000S\000t\000a\000t\000e\000s}{chapter.2}% 41
\BOOKMARK [1][-]{section.2.25}{\376\377\000B\000U\000G\000-\0000\0002\0005\000:\000\040\000C\000o\000n\000s\000o\000l\000e\000\040\000I\000n\000t\000e\000r\000c\000e\000p\000t\000\040\000A\000f\000f\000e\000c\000t\000s\000\040\000O\000t\000h\000e\000r\000\040\000L\000i\000b\000r\000a\000r\000i\000e\000s\000\040\000a\000n\000d\000\040\000T\000h\000i\000r\000d\000-\000P\000a\000r\000t\000y\000\040\000C\000o\000d\000e}{chapter.2}% 42
\BOOKMARK [1][-]{section.2.26}{\376\377\000B\000U\000G\000-\0000\0002\0006\000:\000\040\000U\000n\000i\000n\000i\000t\000i\000a\000l\000i\000z\000e\000d\000\040\000V\000a\000r\000i\000a\000b\000l\000e\000\040\000A\000c\000c\000e\000s\000s\000\040\040\024\000\040\000`\000s\000t\000e\000e\000r\000\050\000\051\000`\000\040\000I\000s\000\040\000a\000\040\000S\000i\000l\000e\000n\000t\000\040\000N\000o\000-\000O\000p}{chapter.2}% 43
\BOOKMARK [1][-]{section.2.27}{\376\377\000B\000U\000G\000-\0000\0002\0007\000:\000\040\000`\000i\000s\000G\000i\000t\000R\000e\000p\000o\000`\000\040\000C\000o\000m\000m\000a\000n\000d\000\040\000I\000n\000j\000e\000c\000t\000i\000o\000n\000\040\000v\000i\000a\000\040\000U\000n\000s\000a\000n\000i\000t\000i\000z\000e\000d\000\040\000`\000d\000i\000r\000`\000\040\000P\000a\000r\000a\000m\000e\000t\000e\000r}{chapter.2}% 44
\BOOKMARK [1][-]{section.2.28}{\376\377\000B\000U\000G\000-\0000\0002\0008\000:\000\040\000P\000l\000u\000g\000i\000n\000\040\000C\000a\000c\000h\000e\000\040\000S\000t\000a\000l\000e\000\040\000A\000c\000r\000o\000s\000s\000\040\000S\000e\000s\000s\000i\000o\000n\000s\000\040\040\024\000\040\000N\000o\000\040\000C\000a\000c\000h\000i\000n\000g\000\040\000o\000f\000\040\000P\000l\000u\000g\000i\000n\000\040\000D\000i\000s\000c\000o\000v\000e\000r\000y}{chapter.2}% 45
\BOOKMARK [1][-]{section.2.29}{\376\377\000B\000U\000G\000-\0000\0002\0009\000:\000\040\000S\000a\000n\000d\000b\000o\000x\000\040\000M\000e\000m\000o\000r\000y\000\040\000I\000g\000n\000o\000r\000e\000s\000\040\000P\000l\000u\000g\000i\000n\000\040\000M\000e\000m\000o\000r\000y\000\040\000L\000a\000y\000e\000r\000s}{chapter.2}% 46
\BOOKMARK [1][-]{section.2.30}{\376\377\000B\000U\000G\000-\0000\0003\0000\000:\000\040\000T\000e\000l\000e\000m\000e\000t\000r\000y\000\040\000M\000e\000t\000r\000i\000c\000\040\000A\000t\000t\000r\000i\000b\000u\000t\000e\000s\000\040\000M\000i\000s\000s\000i\000n\000g\000\040\040\024\000\040\000T\000o\000o\000l\000\040\000D\000u\000r\000a\000t\000i\000o\000n\000\040\000H\000i\000s\000t\000o\000g\000r\000a\000m\000\040\000L\000a\000c\000k\000s\000\040\000`\000t\000o\000o\000l\000.\000s\000t\000a\000t\000u\000s\000`}{chapter.2}% 47
\BOOKMARK [1][-]{section.2.31}{\376\377\000B\000U\000G\000-\0000\0003\0003\000:\000\040\000M\000i\000s\000s\000i\000n\000g\000\040\000M\000I\000M\000E\000\040\000T\000y\000p\000e\000\040\000V\000a\000l\000i\000d\000a\000t\000i\000o\000n\000\040\000f\000o\000r\000\040\000F\000i\000l\000e\000\040\000U\000p\000l\000o\000a\000d\000s}{chapter.2}% 48
\BOOKMARK [1][-]{section.2.32}{\376\377\000B\000U\000G\000-\0000\0003\0004\000:\000\040\000T\000a\000s\000k\000\040\000T\000r\000a\000c\000k\000e\000r\000\040\000L\000i\000s\000t\000\040\000D\000o\000e\000s\000n\000'\000t\000\040\000P\000a\000g\000i\000n\000a\000t\000e}{chapter.2}% 49
\BOOKMARK [1][-]{section.2.33}{\376\377\000B\000U\000G\000-\0000\0003\0005\000:\000\040\000E\000n\000v\000i\000r\000o\000n\000m\000e\000n\000t\000\040\000C\000o\000n\000f\000i\000g\000\040\000D\000e\000e\000p\000M\000e\000r\000g\000e\000\040\000M\000o\000d\000i\000f\000i\000e\000s\000\040\000i\000n\000\040\000P\000l\000a\000c\000e}{chapter.2}% 50
\BOOKMARK [0][-]{chapter.3}{\376\377\000E\000r\000r\000o\000r\000\040\000H\000a\000n\000d\000l\000i\000n\000g\000\040\000F\000i\000x\000e\000s}{}% 51
\BOOKMARK [1][-]{section.3.1}{\376\377\000E\000R\000R\000-\0000\0000\0001\000:\000\040\000S\000i\000l\000e\000n\000t\000\040\000C\000a\000t\000c\000h\000\040\000i\000n\000\040\000M\000a\000i\000n\000\040\000E\000r\000r\000o\000r\000\040\000H\000a\000n\000d\000l\000e\000r}{chapter.3}% 52
\BOOKMARK [1][-]{section.3.2}{\376\377\000E\000R\000R\000-\0000\0000\0002\000:\000\040\000H\000o\000o\000k\000s\000\040\000E\000r\000r\000o\000r\000\040\000S\000u\000p\000p\000r\000e\000s\000s\000i\000o\000n}{chapter.3}% 53
\BOOKMARK [1][-]{section.3.3}{\376\377\000E\000R\000R\000-\0000\0000\0004\000:\000\040\000N\000o\000\040\000S\000t\000a\000c\000k\000\040\000T\000r\000a\000c\000e\000\040\000i\000n\000\040\000E\000r\000r\000o\000r\000\040\000M\000e\000s\000s\000a\000g\000e\000s}{chapter.3}% 54
\BOOKMARK [1][-]{section.3.4}{\376\377\000E\000R\000R\000-\0000\0000\0006\000:\000\040\000T\000e\000l\000e\000m\000e\000t\000r\000y\000\040\000E\000r\000r\000o\000r\000s\000\040\000B\000r\000e\000a\000k\000\040\000A\000g\000e\000n\000t\000\040\040\024\000\040\000L\000o\000g\000s\000\040\000S\000u\000p\000p\000r\000e\000s\000s\000e\000d}{chapter.3}% 55
\BOOKMARK [1][-]{section.3.5}{\376\377\000E\000R\000R\000-\0000\0000\0007\000:\000\040\000E\000x\000i\000t\000\040\000W\000i\000t\000h\000o\000u\000t\000\040\000C\000l\000e\000a\000n\000u\000p\000\040\000o\000n\000\040\000E\000a\000r\000l\000y\000\040\000E\000r\000r\000o\000r\000s}{chapter.3}% 56
\BOOKMARK [1][-]{section.3.6}{\376\377\000E\000R\000R\000-\0000\0000\0008\000:\000\040\000G\000i\000t\000\040\000M\000a\000c\000h\000i\000n\000e\000\040\000I\000m\000p\000o\000r\000t\000\040\000E\000r\000r\000o\000r\000s\000\040\000N\000o\000t\000\040\000T\000r\000a\000n\000s\000l\000a\000t\000e\000d}{chapter.3}% 57
\BOOKMARK [1][-]{section.3.7}{\376\377\000E\000R\000R\000-\0000\0000\0009\000:\000\040\000E\000r\000r\000o\000r\000\040\000i\000n\000\040\000E\000r\000r\000o\000r\000\040\000H\000a\000n\000d\000l\000e\000r\000\040\040\024\000\040\000C\000o\000n\000s\000o\000l\000e\000\040\000I\000n\000t\000e\000r\000c\000e\000p\000t}{chapter.3}% 58
\BOOKMARK [1][-]{section.3.8}{\376\377\000E\000R\000R\000-\0000\0001\0000\000:\000\040\000J\000S\000O\000N\000\040\000P\000a\000r\000s\000e\000\040\000E\000r\000r\000o\000r\000s\000\040\000i\000n\000\040\000T\000o\000o\000l\000\040\000O\000u\000t\000p\000u\000t}{chapter.3}% 59
\BOOKMARK [1][-]{section.3.9}{\376\377\000E\000R\000R\000-\0000\0001\0001\000:\000\040\000C\000h\000a\000n\000n\000e\000l\000\040\000P\000u\000l\000l\000\040\000A\000f\000t\000e\000r\000\040\000F\000i\000n\000i\000s\000h\000\040\000R\000e\000t\000u\000r\000n\000s\000\040\000U\000n\000d\000e\000f\000i\000n\000e\000d}{chapter.3}% 60
\BOOKMARK [1][-]{section.3.10}{\376\377\000E\000R\000R\000-\0000\0001\0002\000:\000\040\000N\000o\000\040\000V\000a\000l\000i\000d\000a\000t\000i\000o\000n\000\040\000o\000f\000\040\000S\000c\000r\000i\000p\000t\000\040\000E\000x\000i\000t\000\040\000C\000o\000d\000e\000s}{chapter.3}% 61
\BOOKMARK [1][-]{section.3.11}{\376\377\000E\000R\000R\000-\0000\0001\0003\000:\000\040\000T\000a\000s\000k\000\040\000T\000r\000a\000c\000k\000e\000r\000\040\000I\000n\000v\000a\000l\000i\000d\000\040\000S\000t\000a\000t\000e\000\040\000T\000r\000a\000n\000s\000i\000t\000i\000o\000n\000s}{chapter.3}% 62
\BOOKMARK [0][-]{chapter.4}{\376\377\000R\000a\000c\000e\000\040\000C\000o\000n\000d\000i\000t\000i\000o\000n\000\040\000F\000i\000x\000e\000s}{}% 63
\BOOKMARK [1][-]{section.4.1}{\376\377\000R\000A\000C\000E\000-\0000\0000\0001\000:\000\040\000T\000a\000s\000k\000\040\000F\000i\000l\000e\000\040\000R\000e\000a\000d\000-\000M\000o\000d\000i\000f\000y\000-\000W\000r\000i\000t\000e\000\040\000R\000a\000c\000e\000\040\000\050\000T\000O\000C\000T\000O\000U\000\051}{chapter.4}% 64
\BOOKMARK [1][-]{section.4.2}{\376\377\000R\000A\000C\000E\000-\0000\0000\0002\000:\000\040\000P\000l\000u\000g\000i\000n\000\040\000C\000o\000n\000f\000i\000g\000\040\000W\000r\000i\000t\000e\000\040\000R\000a\000c\000e}{chapter.4}% 65
\BOOKMARK [1][-]{section.4.3}{\376\377\000R\000A\000C\000E\000-\0000\0000\0003\000:\000\040\000S\000c\000h\000e\000d\000u\000l\000e\000\040\000M\000e\000t\000a\000d\000a\000t\000a\000\040\000W\000r\000i\000t\000e\000\040\000R\000a\000c\000e}{chapter.4}% 66
\BOOKMARK [1][-]{section.4.4}{\376\377\000R\000A\000C\000E\000-\0000\0000\0004\000:\000\040\000C\000h\000a\000n\000n\000e\000l\000\040\000P\000u\000s\000h\000\040\000A\000f\000t\000e\000r\000\040\000A\000b\000o\000r\000t\000\040\000/\000\040\000A\000g\000e\000n\000t\000\040\000E\000n\000d\000\040\000R\000a\000c\000e}{chapter.4}% 67
\BOOKMARK [1][-]{section.4.5}{\376\377\000R\000A\000C\000E\000-\0000\0000\0005\000:\000\040\000G\000i\000t\000\040\000A\000d\000d\000/\000C\000o\000m\000m\000i\000t\000\040\000R\000a\000c\000e\000\040\000i\000n\000\040\000M\000e\000m\000o\000r\000y\000\040\000S\000a\000v\000e}{chapter.4}% 68
\BOOKMARK [1][-]{section.4.6}{\376\377\000R\000A\000C\000E\000-\0000\0000\0006\000:\000\040\000P\000l\000u\000g\000i\000n\000\040\000I\000n\000s\000t\000a\000l\000l\000\040\000N\000o\000t\000\040\000L\000o\000c\000k\000e\000d}{chapter.4}% 69
\BOOKMARK [1][-]{section.4.7}{\376\377\000R\000A\000C\000E\000-\0000\0000\0007\000:\000\040\000W\000e\000b\000S\000o\000c\000k\000e\000t\000\040\000S\000e\000r\000v\000e\000r\000\040\000B\000r\000o\000a\000d\000c\000a\000s\000t\000\040\000R\000a\000c\000e}{chapter.4}% 70
\BOOKMARK [1][-]{section.4.8}{\376\377\000R\000A\000C\000E\000-\0000\0000\0008\000:\000\040\000A\000s\000y\000n\000c\000\040\000I\000n\000i\000t\000i\000a\000l\000i\000z\000a\000t\000i\000o\000n\000\040\000R\000a\000c\000e\000\040\000i\000n\000\040\000q\000u\000e\000r\000y\000\050\000\051}{chapter.4}% 71
\BOOKMARK [1][-]{section.4.9}{\376\377\000R\000A\000C\000E\000-\0000\0000\0009\000:\000\040\000F\000i\000l\000e\000\040\000S\000y\000s\000t\000e\000m\000\040\000O\000p\000e\000r\000a\000t\000i\000o\000n\000\040\000I\000n\000t\000e\000r\000l\000e\000a\000v\000i\000n\000g}{chapter.4}% 72
\BOOKMARK [1][-]{section.4.10}{\376\377\000R\000A\000C\000E\000-\0000\0001\0000\000:\000\040\000P\000r\000o\000c\000e\000s\000s\000\040\000E\000x\000i\000t\000\040\000D\000u\000r\000i\000n\000g\000\040\000A\000s\000y\000n\000c\000\040\000O\000p\000e\000r\000a\000t\000i\000o\000n\000s}{chapter.4}% 73
\BOOKMARK [1][-]{section.4.11}{\376\377\000R\000A\000C\000E\000-\0000\0001\0001\000:\000\040\000S\000I\000G\000I\000N\000T\000\040\000H\000a\000n\000d\000l\000e\000r\000\040\000R\000e\000e\000n\000t\000r\000a\000n\000c\000y}{chapter.4}% 74
\BOOKMARK [0][-]{chapter.5}{\376\377\000T\000y\000p\000e\000\040\000S\000a\000f\000e\000t\000y\000\040\000I\000m\000p\000r\000o\000v\000e\000m\000e\000n\000t\000s}{}% 75
\BOOKMARK [1][-]{section.5.1}{\376\377\000T\000Y\000P\000E\000-\0000\0000\0002\000:\000\040\000a\000s\000\040\000a\000n\000y\000\040\000A\000s\000s\000e\000r\000t\000i\000o\000n\000s\000\040\000i\000n\000\040\000M\000o\000d\000e\000l\000\040\000H\000a\000n\000d\000l\000i\000n\000g}{chapter.5}% 76
\BOOKMARK [1][-]{section.5.2}{\376\377\000T\000Y\000P\000E\000-\0000\0000\0003\000:\000\040\000U\000n\000c\000o\000n\000s\000t\000r\000a\000i\000n\000e\000d\000\040\000G\000e\000n\000e\000r\000i\000c\000\040\000P\000a\000r\000a\000m\000e\000t\000e\000r\000s\000\040\000i\000n\000\040\000t\000o\000A\000g\000e\000n\000t\000T\000o\000o\000l}{chapter.5}% 77
\BOOKMARK [1][-]{section.5.3}{\376\377\000T\000Y\000P\000E\000-\0000\0000\0004\000:\000\040\000U\000n\000v\000a\000l\000i\000d\000a\000t\000e\000d\000\040\000J\000S\000O\000N\000\040\000P\000a\000r\000s\000e\000d\000\040\000R\000e\000s\000u\000l\000t\000s}{chapter.5}% 78
\BOOKMARK [1][-]{section.5.4}{\376\377\000T\000Y\000P\000E\000-\0000\0000\0006\000:\000\040\000L\000o\000o\000s\000e\000\040\000T\000y\000p\000e\000\040\000f\000o\000r\000\040\000C\000o\000n\000s\000t\000r\000a\000i\000n\000t\000\040\000O\000p\000t\000i\000o\000n\000s}{chapter.5}% 79
\BOOKMARK [1][-]{section.5.5}{\376\377\000T\000Y\000P\000E\000-\0000\0000\0007\000:\000\040\000U\000n\000s\000a\000f\000e\000\040\000A\000c\000c\000e\000s\000s\000\040\000t\000o\000\040\000E\000v\000e\000n\000t\000\040\000P\000r\000o\000p\000e\000r\000t\000i\000e\000s}{chapter.5}% 80
\BOOKMARK [1][-]{section.5.6}{\376\377\000T\000Y\000P\000E\000-\0000\0000\0008\000:\000\040\000P\000l\000u\000g\000i\000n\000\040\000H\000o\000o\000k\000\040\000H\000a\000n\000d\000l\000e\000r\000\040\000U\000n\000t\000y\000p\000e\000d\000\040\000C\000o\000n\000t\000e\000x\000t}{chapter.5}% 81
\BOOKMARK [1][-]{section.5.7}{\376\377\000T\000Y\000P\000E\000-\0000\0000\0009\000:\000\040\000W\000e\000a\000k\000l\000y\000\040\000T\000y\000p\000e\000d\000\040\000T\000e\000l\000e\000m\000e\000t\000r\000y\000\040\000O\000p\000t\000i\000o\000n\000s}{chapter.5}% 82
\BOOKMARK [1][-]{section.5.8}{\376\377\000T\000Y\000P\000E\000-\0000\0001\0001\000:\000\040\000A\000m\000b\000i\000g\000u\000o\000u\000s\000\040\000R\000e\000t\000u\000r\000n\000\040\000T\000y\000p\000e\000s\000\040\000i\000n\000\040\000S\000D\000K}{chapter.5}% 83
\BOOKMARK [1][-]{section.5.9}{\376\377\000T\000Y\000P\000E\000-\0000\0001\0002\000:\000\040\000C\000o\000n\000f\000i\000g\000\040\000P\000r\000o\000p\000e\000r\000t\000y\000\040\000T\000y\000p\000e\000\040\000N\000o\000t\000\040\000E\000n\000f\000o\000r\000c\000e\000d\000\040\000a\000t\000\040\000R\000u\000n\000t\000i\000m\000e}{chapter.5}% 84
\BOOKMARK [1][-]{section.5.10}{\376\377\000T\000Y\000P\000E\000-\0000\0001\0003\000:\000\040\000M\000i\000s\000s\000i\000n\000g\000\040\000G\000e\000n\000e\000r\000i\000c\000\040\000o\000n\000\040\000C\000h\000a\000n\000n\000e\000l\000\040\040\024\000\040\000I\000t\000e\000r\000a\000t\000o\000r\000R\000e\000s\000u\000l\000t}{chapter.5}% 85
\BOOKMARK [1][-]{section.5.11}{\376\377\000T\000Y\000P\000E\000-\0000\0001\0004\000:\000\040\000S\000t\000a\000t\000i\000c\000\040\000T\000y\000p\000e\000\040\000F\000r\000o\000m\000\040\000T\000y\000p\000e\000b\000o\000x\000\040\000N\000o\000t\000\040\000P\000r\000o\000p\000e\000r\000l\000y\000\040\000U\000s\000e\000d}{chapter.5}% 86
\BOOKMARK [1][-]{section.5.12}{\376\377\000T\000Y\000P\000E\000-\0000\0001\0005\000:\000\040\000I\000n\000c\000o\000m\000p\000l\000e\000t\000e\000\040\000T\000y\000p\000e\000\040\000E\000x\000p\000o\000r\000t}{chapter.5}% 87
\BOOKMARK [0][-]{chapter.6}{\376\377\000N\000e\000t\000w\000o\000r\000k\000\040\000\040\000C\000o\000n\000n\000e\000c\000t\000i\000v\000i\000t\000y\000\040\000F\000i\000x\000e\000s}{}% 88
\BOOKMARK [1][-]{section.6.1}{\376\377\000N\000E\000T\000-\0000\0000\0002\000:\000\040\000N\000o\000\040\000C\000o\000n\000n\000e\000c\000t\000i\000o\000n\000\040\000P\000o\000o\000l\000i\000n\000g}{chapter.6}% 89
\BOOKMARK [1][-]{section.6.2}{\376\377\000N\000E\000T\000-\0000\0000\0005\000:\000\040\000N\000o\000\040\000R\000e\000q\000u\000e\000s\000t\000\040\000T\000i\000m\000e\000o\000u\000t\000\040\000f\000o\000r\000\040\000A\000P\000I\000\040\000C\000a\000l\000l\000s}{chapter.6}% 90
\BOOKMARK [1][-]{section.6.3}{\376\377\000N\000E\000T\000-\0000\0000\0009\000:\000\040\000N\000o\000\040\000K\000e\000e\000p\000-\000A\000l\000i\000v\000e\000\040\000f\000o\000r\000\040\000L\000L\000M\000\040\000A\000P\000I}{chapter.6}% 91
\BOOKMARK [1][-]{section.6.4}{\376\377\000N\000E\000T\000-\0000\0001\0000\000:\000\040\000N\000o\000\040\000I\000P\000v\0006\000\040\000S\000u\000p\000p\000o\000r\000t}{chapter.6}% 92
\BOOKMARK [0][-]{chapter.7}{\376\377\000P\000e\000r\000f\000o\000r\000m\000a\000n\000c\000e\000\040\000I\000m\000p\000r\000o\000v\000e\000m\000e\000n\000t\000s}{}% 93
\BOOKMARK [1][-]{section.7.1}{\376\377\000P\000E\000R\000F\000-\0000\0000\0001\000:\000\040\000S\000y\000n\000c\000h\000r\000o\000n\000o\000u\000s\000\040\000F\000i\000l\000e\000\040\000O\000p\000e\000r\000a\000t\000i\000o\000n\000s\000\040\000B\000l\000o\000c\000k\000\040\000t\000h\000e\000\040\000E\000v\000e\000n\000t\000\040\000L\000o\000o\000p}{chapter.7}% 94
\BOOKMARK [1][-]{section.7.2}{\376\377\000P\000E\000R\000F\000-\0000\0000\0002\000:\000\040\000U\000n\000b\000o\000u\000n\000d\000e\000d\000\040\000M\000e\000m\000o\000r\000y\000\040\000G\000r\000o\000w\000t\000h\000\040\000i\000n\000\040\000V\000o\000i\000c\000e\000\040\000S\000e\000r\000v\000e\000r\000\040\000L\000o\000g\000\040\000R\000i\000n\000g\000\040\000B\000u\000f\000f\000e\000r}{chapter.7}% 95
\BOOKMARK [0][-]{chapter.8}{\376\377\000C\000o\000n\000c\000u\000r\000r\000e\000n\000c\000y\000\040\000I\000s\000s\000u\000e\000s}{}% 96
\BOOKMARK [1][-]{section.8.1}{\376\377\000C\000O\000N\000C\000-\0000\0000\0001\000:\000\040\000S\000h\000a\000r\000e\000d\000\040\000S\000t\000a\000t\000e\000\040\000W\000i\000t\000h\000o\000u\000t\000\040\000L\000o\000c\000k\000s}{chapter.8}% 97
\BOOKMARK [1][-]{section.8.2}{\376\377\000C\000O\000N\000C\000-\0000\0000\0002\000:\000\040\000A\000s\000y\000n\000c\000\040\000H\000o\000o\000k\000\040\000E\000x\000e\000c\000u\000t\000i\000o\000n\000\040\000O\000r\000d\000e\000r\000i\000n\000g}{chapter.8}% 98
\BOOKMARK [0][-]{chapter.9}{\376\377\000C\000o\000n\000f\000i\000g\000u\000r\000a\000t\000i\000o\000n\000\040\000I\000s\000s\000u\000e\000s}{}% 99
\BOOKMARK [1][-]{section.9.1}{\376\377\000C\000O\000N\000F\000I\000G\000-\0000\0000\0002\000:\000\040\000I\000n\000c\000o\000m\000p\000l\000e\000t\000e\000\040\000a\000g\000e\000n\000t\000.\000y\000a\000m\000l\000\040\000i\000n\000\040\000R\000e\000p\000o\000s\000i\000t\000o\000r\000y}{chapter.9}% 100
\BOOKMARK [1][-]{section.9.2}{\376\377\000C\000O\000N\000F\000I\000G\000-\0000\0000\0004\000:\000\040\000G\000r\000a\000c\000e\000f\000u\000l\000\040\000M\000i\000s\000s\000i\000n\000g\000\040\000C\000o\000n\000f\000i\000g\000\040\000H\000a\000n\000d\000l\000i\000n\000g}{chapter.9}% 101
\BOOKMARK [1][-]{section.9.3}{\376\377\000C\000O\000N\000F\000I\000G\000-\0000\0000\0009\000:\000\040\000G\000I\000T\000C\000L\000A\000W\000\137\000E\000N\000V\000\040\000O\000n\000l\000y\000\040\000P\000a\000r\000t\000i\000a\000l\000l\000y\000\040\000S\000u\000p\000p\000o\000r\000t\000e\000d}{chapter.9}% 102
\BOOKMARK [1][-]{section.9.4}{\376\377\000C\000O\000N\000F\000I\000G\000-\0000\0001\0000\000:\000\040\000M\000o\000d\000e\000l\000\040\000C\000o\000n\000s\000t\000r\000a\000i\000n\000t\000s\000\040\000I\000n\000c\000o\000n\000s\000i\000s\000t\000e\000n\000t\000\040\000N\000a\000m\000i\000n\000g}{chapter.9}% 103
\BOOKMARK [0][-]{chapter.10}{\376\377\000C\000o\000d\000e\000\040\000Q\000u\000a\000l\000i\000t\000y}{}% 104
\BOOKMARK [1][-]{section.10.1}{\376\377\000C\000Q\000-\0000\0001\0002\000:\000\040\000H\000a\000r\000d\000c\000o\000d\000e\000d\000\040\000T\000i\000m\000e\000o\000u\000t\000s}{chapter.10}% 105
\BOOKMARK [1][-]{section.10.2}{\376\377\000C\000Q\000-\0000\0002\0005\000:\000\040\000U\000n\000u\000s\000e\000d\000\040\000I\000m\000p\000o\000r\000t\000s}{chapter.10}% 106
\BOOKMARK [0][-]{chapter.11}{\376\377\000D\000e\000p\000e\000n\000d\000e\000n\000c\000y\000\040\000I\000s\000s\000u\000e\000s}{}% 107
\BOOKMARK [1][-]{section.11.1}{\376\377\000D\000E\000P\000-\0000\0000\0001\040\023\0000\0000\0003\000:\000\040\000M\000i\000g\000r\000a\000t\000e\000\040\000f\000r\000o\000m\000\040\000j\000s\000-\000y\000a\000m\000l\000\040\000t\000o\000\040\000y\000a\000m\000l\000\040\000v\0002}{chapter.11}% 108
\BOOKMARK [1][-]{section.11.2}{\376\377\000D\000E\000P\000-\0000\0000\0004\000:\000\040\000L\000o\000c\000k\000f\000i\000l\000e\000\040\000N\000o\000t\000\040\000P\000u\000b\000l\000i\000s\000h\000e\000d}{chapter.11}% 109
\BOOKMARK [1][-]{section.11.3}{\376\377\000D\000E\000P\000-\0000\0000\0005\000:\000\040\000U\000p\000d\000a\000t\000e\000\040\000O\000p\000e\000n\000T\000e\000l\000e\000m\000e\000t\000r\000y\000\040\000D\000e\000p\000e\000n\000d\000e\000n\000c\000y\000\040\000V\000e\000r\000s\000i\000o\000n\000s}{chapter.11}% 110
\BOOKMARK [0][-]{chapter.12}{\376\377\000F\000i\000l\000e\000\040\000O\000p\000e\000r\000a\000t\000i\000o\000n\000s}{}% 111
\BOOKMARK [1][-]{section.12.1}{\376\377\000F\000I\000L\000E\000-\0000\0000\0007\000:\000\040\000R\000a\000c\000e\000\040\000C\000o\000n\000d\000i\000t\000i\000o\000n\000\040\000i\000n\000\040\000D\000i\000r\000e\000c\000t\000o\000r\000y\000\040\000C\000r\000e\000a\000t\000i\000o\000n}{chapter.12}% 112
\BOOKMARK [0][-]{chapter.13}{\376\377\000L\000o\000g\000g\000i\000n\000g}{}% 113
\BOOKMARK [1][-]{section.13.1}{\376\377\000L\000O\000G\000-\0000\0000\0003\000:\000\040\000A\000N\000S\000I\000\040\000E\000s\000c\000a\000p\000e\000\040\000C\000o\000d\000e\000s\000\040\000i\000n\000\040\000F\000i\000l\000e\000\040\000L\000o\000g\000s}{chapter.13}% 114
\BOOKMARK [1][-]{section.13.2}{\376\377\000L\000O\000G\000-\0000\0000\0006\000:\000\040\000E\000n\000h\000a\000n\000c\000e\000d\000\040\000H\000e\000a\000l\000t\000h\000\040\000C\000h\000e\000c\000k\000\040\000E\000n\000d\000p\000o\000i\000n\000t}{chapter.13}% 115
